|-(A->B)->((A->B)->C)->(A->C)
(1) A&B&C->A&B (Не доказано)
(2) A&B&C->C (Не доказано)
(3) A|B->A|B|C (Не доказано)
(4) C->A|B|C (Не доказано)
(5) A->B->A (Сх. акс. 1)
(6) (A->B)->(A->B->C)->(A->C) (Сх. акс. 2)
(7) A&B->A (Сх. акс. 4)
(8) A&B->B (Сх. акс. 5)
(9) A->B->A&B (Сх. акс. 3)
(10) A->A|B (Сх. акс. 6)
(11) B->A|B (Сх. акс. 7)
(12) (A->Q)->(B->Q)->(A|B->Q) (Сх. акс. 8)
(13) (A->B)->(A->!B)->!A (Сх. акс. 9)
(14) !!A->A (Сх. акс. 10)
(15) ((A&!A)->A)->(A&!A->!A)->!Q (Не доказано)
(16) (A->B)->((A->B)->C)->(A->C) (Не доказано)